Test Report
===========

process_attack function does not exist in your solution.
